// Jest Snapshot v1, https://goo.gl/fbAQLP

exports[`PhoneListContainer test PhoneListContainer component should be displayed 1`] = `
<PhoneListContainer
  loading={false}
  onFetchPhones={[Function]}
  phone={Array []}
  phones={Array []}
>
  <div
    className="Items"
  >
    No items were found
  </div>
  <div />
</PhoneListContainer>
`;
